2026-02-25T23:32:55.888+0000 [DEBUG] [org.gradle.launcher.daemon.bootstrap.DaemonMain] Assuming the daemon was started with following jvm opts: [-XX:MaxMetaspaceSize=384m, -XX:+HeapDumpOnOutOfMemoryError, -Xms256m, -Xmx512m, -Dfile.encoding=UTF-8, -Duser.country, -Duser.language=en, -Duser.variant]
2026-02-25T23:32:56.579+0000 [DEBUG] [org.gradle.internal.remote.internal.inet.InetAddresses] Adding IP addresses for network interface wlan0
2026-02-25T23:32:56.581+0000 [DEBUG] [org.gradle.internal.remote.internal.inet.InetAddresses] Is this a loopback interface? false
2026-02-25T23:32:56.583+0000 [DEBUG] [org.gradle.internal.remote.internal.inet.InetAddresses] Adding remote address /192.168.11.125
2026-02-25T23:32:56.585+0000 [DEBUG] [org.gradle.internal.remote.internal.inet.InetAddresses] Adding IP addresses for network interface lo
2026-02-25T23:32:56.586+0000 [DEBUG] [org.gradle.internal.remote.internal.inet.InetAddresses] Is this a loopback interface? true
2026-02-25T23:32:56.588+0000 [DEBUG] [org.gradle.internal.remote.internal.inet.InetAddresses] Adding loopback address /127.0.0.1
2026-02-25T23:32:56.880+0000 [INFO] [org.gradle.launcher.daemon.server.Daemon] start() called on daemon - DefaultDaemonContext[uid=cd56001a-ec5e-4179-846c-6f06f536f677,javaHome=/data/data/com.termux/files/usr/lib/jvm/java-21-openjdk,javaVersion=21,javaVendor=Termux,daemonRegistryDir=/data/data/com.termux/files/home/.gradle/daemon,pid=21579,idleTimeout=10800000,priority=NORMAL,applyInstrumentationAgent=true,nativeServicesMode=ENABLED,daemonOpts=-XX:MaxMetaspaceSize=384m,-XX:+HeapDumpOnOutOfMemoryError,-Xms256m,-Xmx512m,-Dfile.encoding=UTF-8,-Duser.country,-Duser.language=en,-Duser.variant]
2026-02-25T23:32:56.922+0000 [DEBUG] [org.gradle.internal.remote.internal.inet.TcpIncomingConnector] Listening on [31f0b21e-a185-4e30-a045-a8ac5eb910e5 port:41378, addresses:[localhost/127.0.0.1]].
2026-02-25T23:32:56.981+0000 [DEBUG] [org.gradle.launcher.daemon.server.Daemon] Daemon starting at: Wed Feb 25 23:32:56 GMT 2026, with address: [31f0b21e-a185-4e30-a045-a8ac5eb910e5 port:41378, addresses:[localhost/127.0.0.1]]
2026-02-25T23:32:56.982+0000 [INFO] [org.gradle.launcher.daemon.server.DaemonRegistryUpdater] Advertising the daemon address to the clients: [31f0b21e-a185-4e30-a045-a8ac5eb910e5 port:41378, addresses:[localhost/127.0.0.1]]
2026-02-25T23:32:56.985+0000 [DEBUG] [org.gradle.launcher.daemon.server.DaemonRegistryUpdater] Advertised daemon context: DefaultDaemonContext[uid=cd56001a-ec5e-4179-846c-6f06f536f677,javaHome=/data/data/com.termux/files/usr/lib/jvm/java-21-openjdk,javaVersion=21,javaVendor=Termux,daemonRegistryDir=/data/data/com.termux/files/home/.gradle/daemon,pid=21579,idleTimeout=10800000,priority=NORMAL,applyInstrumentationAgent=true,nativeServicesMode=ENABLED,daemonOpts=-XX:MaxMetaspaceSize=384m,-XX:+HeapDumpOnOutOfMemoryError,-Xms256m,-Xmx512m,-Dfile.encoding=UTF-8,-Duser.country,-Duser.language=en,-Duser.variant]
2026-02-25T23:32:56.989+0000 [DEBUG] [org.gradle.launcher.daemon.registry.PersistentDaemonRegistry] Storing daemon address: [31f0b21e-a185-4e30-a045-a8ac5eb910e5 port:41378, addresses:[localhost/127.0.0.1]], context: DefaultDaemonContext[uid=cd56001a-ec5e-4179-846c-6f06f536f677,javaHome=/data/data/com.termux/files/usr/lib/jvm/java-21-openjdk,javaVersion=21,javaVendor=Termux,daemonRegistryDir=/data/data/com.termux/files/home/.gradle/daemon,pid=21579,idleTimeout=10800000,priority=NORMAL,applyInstrumentationAgent=true,nativeServicesMode=ENABLED,daemonOpts=-XX:MaxMetaspaceSize=384m,-XX:+HeapDumpOnOutOfMemoryError,-Xms256m,-Xmx512m,-Dfile.encoding=UTF-8,-Duser.country,-Duser.language=en,-Duser.variant]
2026-02-25T23:32:57.024+0000 [DEBUG] [org.gradle.cache.internal.DefaultFileLockManager] Waiting to acquire exclusive lock on daemon addresses registry.
2026-02-25T23:32:57.042+0000 [DEBUG] [org.gradle.cache.internal.DefaultFileLockManager] Lock acquired on daemon addresses registry.
2026-02-25T23:32:57.067+0000 [DEBUG] [org.gradle.cache.internal.DefaultFileLockManager] Releasing lock on daemon addresses registry.
2026-02-25T23:32:57.069+0000 [LIFECYCLE] [org.gradle.launcher.daemon.server.Daemon] Daemon server started.
2026-02-25T23:32:57.077+0000 [DEBUG] [org.gradle.launcher.daemon.bootstrap.DaemonStartupCommunication] Completed writing the daemon greeting. Closing streams...
2026-02-25T23:32:57.132+0000 [DEBUG] [org.gradle.launcher.daemon.server.Daemon] stopOnExpiration() called on daemon
2026-02-25T23:32:57.139+0000 [DEBUG] [org.gradle.launcher.daemon.server.Daemon] awaitExpiration() called on daemon
2026-02-25T23:32:57.141+0000 [DEBUG] [org.gradle.launcher.daemon.server.DaemonStateCoordinator] daemon is running. Sleeping until state changes.
2026-02-25T23:32:57.197+0000 [DEBUG] [org.gradle.internal.remote.internal.inet.TcpIncomingConnector] Accepted connection from /127.0.0.1:46824 to /127.0.0.1:41378.
2026-02-25T23:32:57.413+0000 [DEBUG] [org.gradle.launcher.daemon.server.SynchronizedDispatchConnection] thread 31: received class org.gradle.launcher.daemon.protocol.Build
2026-02-25T23:32:57.415+0000 [DEBUG] [org.gradle.launcher.daemon.server.DefaultDaemonConnection] thread 31: Received non-IO message from client: Build{id=a538d2df-316e-4300-aa20-42ddc3ca7156, currentDir=/data/data/com.termux/files/home}
2026-02-25T23:32:57.418+0000 [INFO] [org.gradle.launcher.daemon.server.DefaultIncomingConnectionHandler] Received command: Build{id=a538d2df-316e-4300-aa20-42ddc3ca7156, currentDir=/data/data/com.termux/files/home}.
2026-02-25T23:32:57.420+0000 [DEBUG] [org.gradle.launcher.daemon.server.DefaultIncomingConnectionHandler] Starting executing command: Build{id=a538d2df-316e-4300-aa20-42ddc3ca7156, currentDir=/data/data/com.termux/files/home} with connection: socket connection from /127.0.0.1:41378 to /127.0.0.1:46824.
2026-02-25T23:32:57.447+0000 [DEBUG] [org.gradle.launcher.daemon.server.DaemonStateCoordinator] Command execution: started DaemonCommandExecution[command = Build{id=a538d2df-316e-4300-aa20-42ddc3ca7156, currentDir=/data/data/com.termux/files/home}, connection = DefaultDaemonConnection: socket connection from /127.0.0.1:41378 to /127.0.0.1:46824] after 0.009183333333333333 minutes of idle
2026-02-25T23:32:57.449+0000 [INFO] [org.gradle.launcher.daemon.server.DaemonRegistryUpdater] Marking the daemon as busy, address: [31f0b21e-a185-4e30-a045-a8ac5eb910e5 port:41378, addresses:[localhost/127.0.0.1]]
2026-02-25T23:32:57.450+0000 [DEBUG] [org.gradle.launcher.daemon.registry.PersistentDaemonRegistry] Marking busy by address: [31f0b21e-a185-4e30-a045-a8ac5eb910e5 port:41378, addresses:[localhost/127.0.0.1]]
2026-02-25T23:32:57.455+0000 [DEBUG] [org.gradle.cache.internal.DefaultFileLockManager] Waiting to acquire exclusive lock on daemon addresses registry.
2026-02-25T23:32:57.460+0000 [DEBUG] [org.gradle.cache.internal.DefaultFileLockManager] Lock acquired on daemon addresses registry.
2026-02-25T23:32:57.467+0000 [DEBUG] [org.gradle.cache.internal.DefaultFileLockManager] Releasing lock on daemon addresses registry.
2026-02-25T23:32:57.469+0000 [DEBUG] [org.gradle.launcher.daemon.server.DaemonStateCoordinator] resetting idle timer
2026-02-25T23:32:57.473+0000 [DEBUG] [org.gradle.launcher.daemon.server.DaemonStateCoordinator] daemon is running. Sleeping until state changes.
2026-02-25T23:32:57.481+0000 [INFO] [org.gradle.launcher.daemon.server.exec.StartBuildOrRespondWithBusy] Daemon is about to start building Build{id=a538d2df-316e-4300-aa20-42ddc3ca7156, currentDir=/data/data/com.termux/files/home}. Dispatching build started information...
2026-02-25T23:32:57.486+0000 [DEBUG] [org.gradle.launcher.daemon.server.SynchronizedDispatchConnection] thread 33: dispatching org.gradle.launcher.daemon.protocol.BuildStarted@49956ae4
2026-02-25T23:32:57.506+0000 [DEBUG] [org.gradle.launcher.daemon.server.exec.EstablishBuildEnvironment] Configuring env variables: [PATH, HISTCONTROL, TERMUX_APP__SE_FILE_CONTEXT, TERMUX_VERSION, TERM, EXTERNAL_STORAGE, TERMUX_APP__DATA_DIR, LANG, TERMUX_APK_RELEASE, TERMUX_APP__LEGACY_DATA_DIR, ANDROID__BUILD_VERSION_SDK, COLORTERM, TERMUX__PREFIX, ANDROID_ROOT, TERMUX__SE_PROCESS_CONTEXT, PWD, BOOTCLASSPATH, TERMUX_APP__SE_INFO, _, TERMUX_MAIN_PACKAGE_FORMAT, SHELL, ANDROID_DATA, TERMUX__HOME, ANDROID_TZDATA_ROOT, OLDPWD, TMPDIR, TERMUX_APP_PID, ANDROID_RUNTIME_ROOT, TERMUX_IS_DEBUGGABLE_BUILD, PREFIX, DEX2OATBOOTCLASSPATH, LD_PRELOAD, TERMUX__ROOTFS_DIR, SHLVL, HOME]
2026-02-25T23:32:57.511+0000 [WARN] [org.gradle.launcher.daemon.server.exec.EstablishBuildEnvironment] Warning: Unable able to set daemon's environment variables to match the client because: 
  There is no native integration with this operating environment.
  If the daemon was started with a significantly different environment from the client, and your build 
  relies on environment variables, you may experience unexpected behavior.
2026-02-25T23:32:57.520+0000 [DEBUG] [org.gradle.launcher.daemon.server.exec.LogToClient] About to start relaying all logs to the client via the connection.
2026-02-25T23:32:57.522+0000 [INFO] [org.gradle.launcher.daemon.server.exec.LogToClient] The client will now receive all logging from the daemon (pid: 21579). The daemon log file: /data/data/com.termux/files/home/.gradle/daemon/9.3.1/daemon-21579.out.log
2026-02-25T23:32:57.538+0000 [INFO] [org.gradle.launcher.daemon.server.exec.LogAndCheckHealth] Starting build in new daemon [memory: 512 MiB]
2026-02-25T23:32:57.569+0000 [DEBUG] [org.gradle.launcher.daemon.server.exec.ExecuteBuild] The daemon has started executing the build.
2026-02-25T23:32:57.571+0000 [DEBUG] [org.gradle.launcher.daemon.server.exec.ExecuteBuild] Executing build with daemon context: DefaultDaemonContext[uid=cd56001a-ec5e-4179-846c-6f06f536f677,javaHome=/data/data/com.termux/files/usr/lib/jvm/java-21-openjdk,javaVersion=21,javaVendor=Termux,daemonRegistryDir=/data/data/com.termux/files/home/.gradle/daemon,pid=21579,idleTimeout=10800000,priority=NORMAL,applyInstrumentationAgent=true,nativeServicesMode=ENABLED,daemonOpts=-XX:MaxMetaspaceSize=384m,-XX:+HeapDumpOnOutOfMemoryError,-Xms256m,-Xmx512m,-Dfile.encoding=UTF-8,-Duser.country,-Duser.language=en,-Duser.variant]

FAILURE: Build failed with an exception.

* What went wrong:
Directory '/data/data/com.termux/files/home' does not contain a Gradle build.

A Gradle build's root directory should contain one of the possible settings files: settings.gradle, settings.gradle.kts, settings.gradle.dcl.It may also contain one of the possible build files: build.gradle, build.gradle.kts, build.gradle.dcl.

To create a new Gradle build in this directory run 'gradle init'

For more information about the 'init' task, please refer to https://docs.gradle.org/9.3.1/userguide/build_init_plugin.html in the Gradle documentation.

For more details on creating a Gradle build, please refer to https://docs.gradle.org/9.3.1/userguide/tutorial_using_tasks.html in the Gradle documentation.

* Try:
> Run gradle init to create a new Gradle build in this directory.
> Run with --stacktrace option to get the stack trace.
> Run with --info or --debug option to get more log output.
> Get more help at https://help.gradle.org.

BUILD FAILED in 13s
2026-02-25T23:33:00.471+0000 [DEBUG] [org.gradle.launcher.daemon.server.exec.ExecuteBuild] The daemon has finished executing the build.
2026-02-25T23:33:00.491+0000 [DEBUG] [org.gradle.launcher.daemon.server.DaemonStateCoordinator] daemon is running. Sleeping until state changes.
2026-02-25T23:33:00.493+0000 [DEBUG] [org.gradle.launcher.daemon.server.DaemonStateCoordinator] Command execution: finished waiting for DaemonCommandExecution[command = Build{id=a538d2df-316e-4300-aa20-42ddc3ca7156, currentDir=/data/data/com.termux/files/home}, connection = DefaultDaemonConnection: socket connection from /127.0.0.1:41378 to /127.0.0.1:46824]. Result org.gradle.launcher.daemon.server.DaemonStateCoordinator@6c04189a with state Busy
2026-02-25T23:33:00.494+0000 [DEBUG] [org.gradle.launcher.daemon.server.DaemonStateCoordinator] Command execution: completed DaemonCommandExecution[command = Build{id=a538d2df-316e-4300-aa20-42ddc3ca7156, currentDir=/data/data/com.termux/files/home}, connection = DefaultDaemonConnection: socket connection from /127.0.0.1:41378 to /127.0.0.1:46824]
2026-02-25T23:33:00.495+0000 [DEBUG] [org.gradle.launcher.daemon.server.DaemonStateCoordinator] resetting idle timer
2026-02-25T23:33:00.496+0000 [INFO] [org.gradle.launcher.daemon.server.DaemonRegistryUpdater] Marking the daemon as idle, address: [31f0b21e-a185-4e30-a045-a8ac5eb910e5 port:41378, addresses:[localhost/127.0.0.1]]
2026-02-25T23:33:00.497+0000 [DEBUG] [org.gradle.launcher.daemon.registry.PersistentDaemonRegistry] Marking busy by address: [31f0b21e-a185-4e30-a045-a8ac5eb910e5 port:41378, addresses:[localhost/127.0.0.1]]
2026-02-25T23:33:00.498+0000 [DEBUG] [org.gradle.cache.internal.DefaultFileLockManager] Waiting to acquire exclusive lock on daemon addresses registry.
2026-02-25T23:33:00.500+0000 [DEBUG] [org.gradle.cache.internal.DefaultFileLockManager] Lock acquired on daemon addresses registry.
2026-02-25T23:33:00.503+0000 [DEBUG] [org.gradle.cache.internal.DefaultFileLockManager] Releasing lock on daemon addresses registry.
2026-02-25T23:33:00.504+0000 [DEBUG] [org.gradle.launcher.daemon.server.DaemonStateCoordinator] daemon is running. Sleeping until state changes.
2026-02-25T23:33:00.505+0000 [DEBUG] [org.gradle.launcher.daemon.server.exec.ReturnResult] Daemon is dispatching the build result: Success[value=org.gradle.launcher.exec.BuildActionResult@734c9d0b]
2026-02-25T23:33:00.518+0000 [DEBUG] [org.gradle.launcher.daemon.server.SynchronizedDispatchConnection] thread 30: dispatching Success[value=org.gradle.launcher.exec.BuildActionResult@734c9d0b]
2026-02-25T23:33:00.682+0000 [DEBUG] [org.gradle.launcher.daemon.server.exec.CleanUpVirtualFileSystemAfterBuild] Cleaning virtual file system after build finished
2026-02-25T23:33:00.684+0000 [DEBUG] [org.gradle.launcher.daemon.server.DefaultIncomingConnectionHandler] Finishing executing command: Build{id=a538d2df-316e-4300-aa20-42ddc3ca7156, currentDir=/data/data/com.termux/files/home}
2026-02-25T23:33:00.805+0000 [DEBUG] [org.gradle.launcher.daemon.server.SynchronizedDispatchConnection] thread 31: received class org.gradle.launcher.daemon.protocol.CloseInput
2026-02-25T23:33:00.807+0000 [DEBUG] [org.gradle.launcher.daemon.server.DefaultDaemonConnection] thread 31: Received IO message from client: org.gradle.launcher.daemon.protocol.CloseInput@656846fd
2026-02-25T23:33:00.809+0000 [DEBUG] [org.gradle.launcher.daemon.server.SynchronizedDispatchConnection] thread 31: received class org.gradle.launcher.daemon.protocol.Finished
2026-02-25T23:33:00.811+0000 [DEBUG] [org.gradle.launcher.daemon.server.DefaultDaemonConnection] thread 31: Received non-IO message from client: org.gradle.launcher.daemon.protocol.Finished@6ed87efa
2026-02-25T23:33:00.813+0000 [DEBUG] [org.gradle.launcher.daemon.server.DefaultIncomingConnectionHandler] Received finished message: org.gradle.launcher.daemon.protocol.Finished@6ed87efa
2026-02-25T23:33:00.814+0000 [DEBUG] [org.gradle.internal.remote.internal.inet.SocketConnection] Discarding EOFException: java.io.EOFException
2026-02-25T23:33:00.815+0000 [DEBUG] [org.gradle.launcher.daemon.server.SynchronizedDispatchConnection] thread 30: stopping connection
2026-02-25T23:33:00.816+0000 [DEBUG] [org.gradle.launcher.daemon.server.SynchronizedDispatchConnection] thread 31: received null
2026-02-25T23:33:00.818+0000 [DEBUG] [org.gradle.launcher.daemon.server.DefaultDaemonConnection] thread 31: Received end-of-input from client.
2026-02-25T23:33:00.824+0000 [DEBUG] [org.gradle.launcher.daemon.server.SynchronizedDispatchConnection] thread 30: stopping connection
2026-02-25T23:33:07.138+0000 [DEBUG] [org.gradle.launcher.daemon.server.Daemon] Starting periodic daemon health check.
2026-02-25T23:33:07.146+0000 [DEBUG] [org.gradle.cache.internal.DefaultFileLockManager] Waiting to acquire shared lock on daemon addresses registry.
2026-02-25T23:33:07.154+0000 [DEBUG] [org.gradle.cache.internal.DefaultFileLockManager] Lock acquired on daemon addresses registry.
2026-02-25T23:33:07.157+0000 [DEBUG] [org.gradle.cache.internal.DefaultFileLockManager] Releasing lock on daemon addresses registry.
2026-02-25T23:33:07.166+0000 [DEBUG] [org.gradle.cache.internal.DefaultFileLockManager] Waiting to acquire shared lock on daemon addresses registry.
2026-02-25T23:33:07.168+0000 [DEBUG] [org.gradle.cache.internal.DefaultFileLockManager] Lock acquired on daemon addresses registry.
2026-02-25T23:33:07.171+0000 [DEBUG] [org.gradle.cache.internal.DefaultFileLockManager] Releasing lock on daemon addresses registry.
2026-02-25T23:33:07.183+0000 [DEBUG] [org.gradle.launcher.daemon.server.Daemon] Finished periodic daemon health check.
2026-02-25T23:33:17.137+0000 [DEBUG] [org.gradle.launcher.daemon.server.Daemon] Starting periodic daemon health check.
2026-02-25T23:33:17.139+0000 [DEBUG] [org.gradle.cache.internal.DefaultFileLockManager] Waiting to acquire shared lock on daemon addresses registry.
2026-02-25T23:33:17.141+0000 [DEBUG] [org.gradle.cache.internal.DefaultFileLockManager] Lock acquired on daemon addresses registry.
2026-02-25T23:33:17.142+0000 [DEBUG] [org.gradle.cache.internal.DefaultFileLockManager] Releasing lock on daemon addresses registry.
2026-02-25T23:33:17.144+0000 [DEBUG] [org.gradle.cache.internal.DefaultFileLockManager] Waiting to acquire shared lock on daemon addresses registry.
2026-02-25T23:33:17.145+0000 [DEBUG] [org.gradle.cache.internal.DefaultFileLockManager] Lock acquired on daemon addresses registry.
2026-02-25T23:33:17.147+0000 [DEBUG] [org.gradle.cache.internal.DefaultFileLockManager] Releasing lock on daemon addresses registry.
2026-02-25T23:33:17.148+0000 [DEBUG] [org.gradle.launcher.daemon.server.Daemon] Finished periodic daemon health check.
2026-02-25T23:33:27.137+0000 [DEBUG] [org.gradle.launcher.daemon.server.Daemon] Starting periodic daemon health check.
2026-02-25T23:33:27.140+0000 [DEBUG] [org.gradle.cache.internal.DefaultFileLockManager] Waiting to acquire shared lock on daemon addresses registry.
2026-02-25T23:33:27.142+0000 [DEBUG] [org.gradle.cache.internal.DefaultFileLockManager] Lock acquired on daemon addresses registry.
2026-02-25T23:33:27.144+0000 [DEBUG] [org.gradle.cache.internal.DefaultFileLockManager] Releasing lock on daemon addresses registry.
2026-02-25T23:33:27.148+0000 [DEBUG] [org.gradle.cache.internal.DefaultFileLockManager] Waiting to acquire shared lock on daemon addresses registry.
2026-02-25T23:33:27.160+0000 [DEBUG] [org.gradle.cache.internal.DefaultFileLockManager] Lock acquired on daemon addresses registry.
2026-02-25T23:33:27.162+0000 [DEBUG] [org.gradle.cache.internal.DefaultFileLockManager] Releasing lock on daemon addresses registry.
2026-02-25T23:33:27.168+0000 [DEBUG] [org.gradle.launcher.daemon.server.Daemon] Finished periodic daemon health check.
2026-02-25T23:33:37.138+0000 [DEBUG] [org.gradle.launcher.daemon.server.Daemon] Starting periodic daemon health check.
2026-02-25T23:33:37.141+0000 [DEBUG] [org.gradle.cache.internal.DefaultFileLockManager] Waiting to acquire shared lock on daemon addresses registry.
2026-02-25T23:33:37.143+0000 [DEBUG] [org.gradle.cache.internal.DefaultFileLockManager] Lock acquired on daemon addresses registry.
2026-02-25T23:33:37.146+0000 [DEBUG] [org.gradle.cache.internal.DefaultFileLockManager] Releasing lock on daemon addresses registry.
2026-02-25T23:33:37.149+0000 [DEBUG] [org.gradle.cache.internal.DefaultFileLockManager] Waiting to acquire shared lock on daemon addresses registry.
2026-02-25T23:33:37.151+0000 [DEBUG] [org.gradle.cache.internal.DefaultFileLockManager] Lock acquired on daemon addresses registry.
2026-02-25T23:33:37.157+0000 [DEBUG] [org.gradle.cache.internal.DefaultFileLockManager] Releasing lock on daemon addresses registry.
2026-02-25T23:33:37.165+0000 [DEBUG] [org.gradle.launcher.daemon.server.Daemon] Finished periodic daemon health check.
2026-02-25T23:33:47.138+0000 [DEBUG] [org.gradle.launcher.daemon.server.Daemon] Starting periodic daemon health check.
2026-02-25T23:33:47.144+0000 [DEBUG] [org.gradle.cache.internal.DefaultFileLockManager] Waiting to acquire shared lock on daemon addresses registry.
2026-02-25T23:33:47.145+0000 [DEBUG] [org.gradle.cache.internal.DefaultFileLockManager] Lock acquired on daemon addresses registry.
2026-02-25T23:33:47.147+0000 [DEBUG] [org.gradle.cache.internal.DefaultFileLockManager] Releasing lock on daemon addresses registry.
2026-02-25T23:33:47.155+0000 [DEBUG] [org.gradle.cache.internal.DefaultFileLockManager] Waiting to acquire shared lock on daemon addresses registry.
2026-02-25T23:33:47.157+0000 [DEBUG] [org.gradle.cache.internal.DefaultFileLockManager] Lock acquired on daemon addresses registry.
2026-02-25T23:33:47.159+0000 [DEBUG] [org.gradle.cache.internal.DefaultFileLockManager] Releasing lock on daemon addresses registry.
2026-02-25T23:33:47.161+0000 [DEBUG] [org.gradle.launcher.daemon.server.Daemon] Finished periodic daemon health check.
2026-02-25T23:33:57.137+0000 [DEBUG] [org.gradle.launcher.daemon.server.Daemon] Starting periodic daemon health check.
2026-02-25T23:33:57.140+0000 [DEBUG] [org.gradle.cache.internal.DefaultFileLockManager] Waiting to acquire shared lock on daemon addresses registry.
2026-02-25T23:33:57.142+0000 [DEBUG] [org.gradle.cache.internal.DefaultFileLockManager] Lock acquired on daemon addresses registry.
2026-02-25T23:33:57.144+0000 [DEBUG] [org.gradle.cache.internal.DefaultFileLockManager] Releasing lock on daemon addresses registry.
2026-02-25T23:33:57.146+0000 [DEBUG] [org.gradle.cache.internal.DefaultFileLockManager] Waiting to acquire shared lock on daemon addresses registry.
2026-02-25T23:33:57.147+0000 [DEBUG] [org.gradle.cache.internal.DefaultFileLockManager] Lock acquired on daemon addresses registry.
2026-02-25T23:33:57.149+0000 [DEBUG] [org.gradle.cache.internal.DefaultFileLockManager] Releasing lock on daemon addresses registry.
2026-02-25T23:33:57.150+0000 [DEBUG] [org.gradle.launcher.daemon.server.Daemon] Finished periodic daemon health check.
2026-02-25T23:34:07.138+0000 [DEBUG] [org.gradle.launcher.daemon.server.Daemon] Starting periodic daemon health check.
2026-02-25T23:34:07.140+0000 [DEBUG] [org.gradle.cache.internal.DefaultFileLockManager] Waiting to acquire shared lock on daemon addresses registry.
2026-02-25T23:34:07.142+0000 [DEBUG] [org.gradle.cache.internal.DefaultFileLockManager] Lock acquired on daemon addresses registry.
2026-02-25T23:34:07.143+0000 [DEBUG] [org.gradle.cache.internal.DefaultFileLockManager] Releasing lock on daemon addresses registry.
2026-02-25T23:34:07.146+0000 [DEBUG] [org.gradle.cache.internal.DefaultFileLockManager] Waiting to acquire shared lock on daemon addresses registry.
2026-02-25T23:34:07.147+0000 [DEBUG] [org.gradle.cache.internal.DefaultFileLockManager] Lock acquired on daemon addresses registry.
2026-02-25T23:34:07.149+0000 [DEBUG] [org.gradle.cache.internal.DefaultFileLockManager] Releasing lock on daemon addresses registry.
2026-02-25T23:34:07.150+0000 [DEBUG] [org.gradle.launcher.daemon.server.Daemon] Finished periodic daemon health check.
2026-02-25T23:34:17.138+0000 [DEBUG] [org.gradle.launcher.daemon.server.Daemon] Starting periodic daemon health check.
2026-02-25T23:34:17.140+0000 [DEBUG] [org.gradle.cache.internal.DefaultFileLockManager] Waiting to acquire shared lock on daemon addresses registry.
2026-02-25T23:34:17.141+0000 [DEBUG] [org.gradle.cache.internal.DefaultFileLockManager] Lock acquired on daemon addresses registry.
2026-02-25T23:34:17.144+0000 [DEBUG] [org.gradle.cache.internal.DefaultFileLockManager] Releasing lock on daemon addresses registry.
2026-02-25T23:34:17.146+0000 [DEBUG] [org.gradle.cache.internal.DefaultFileLockManager] Waiting to acquire shared lock on daemon addresses registry.
2026-02-25T23:34:17.148+0000 [DEBUG] [org.gradle.cache.internal.DefaultFileLockManager] Lock acquired on daemon addresses registry.
2026-02-25T23:34:17.150+0000 [DEBUG] [org.gradle.cache.internal.DefaultFileLockManager] Releasing lock on daemon addresses registry.
2026-02-25T23:34:17.151+0000 [DEBUG] [org.gradle.launcher.daemon.server.Daemon] Finished periodic daemon health check.
2026-02-25T23:34:27.137+0000 [DEBUG] [org.gradle.launcher.daemon.server.Daemon] Starting periodic daemon health check.
2026-02-25T23:34:27.140+0000 [DEBUG] [org.gradle.cache.internal.DefaultFileLockManager] Waiting to acquire shared lock on daemon addresses registry.
2026-02-25T23:34:27.141+0000 [DEBUG] [org.gradle.cache.internal.DefaultFileLockManager] Lock acquired on daemon addresses registry.
2026-02-25T23:34:27.143+0000 [DEBUG] [org.gradle.cache.internal.DefaultFileLockManager] Releasing lock on daemon addresses registry.
2026-02-25T23:34:27.145+0000 [DEBUG] [org.gradle.cache.internal.DefaultFileLockManager] Waiting to acquire shared lock on daemon addresses registry.
2026-02-25T23:34:27.147+0000 [DEBUG] [org.gradle.cache.internal.DefaultFileLockManager] Lock acquired on daemon addresses registry.
2026-02-25T23:34:27.149+0000 [DEBUG] [org.gradle.cache.internal.DefaultFileLockManager] Releasing lock on daemon addresses registry.
2026-02-25T23:34:27.150+0000 [DEBUG] [org.gradle.launcher.daemon.server.Daemon] Finished periodic daemon health check.
2026-02-25T23:34:37.137+0000 [DEBUG] [org.gradle.launcher.daemon.server.Daemon] Starting periodic daemon health check.
2026-02-25T23:34:37.139+0000 [DEBUG] [org.gradle.cache.internal.DefaultFileLockManager] Waiting to acquire shared lock on daemon addresses registry.
2026-02-25T23:34:37.141+0000 [DEBUG] [org.gradle.cache.internal.DefaultFileLockManager] Lock acquired on daemon addresses registry.
2026-02-25T23:34:37.142+0000 [DEBUG] [org.gradle.cache.internal.DefaultFileLockManager] Releasing lock on daemon addresses registry.
2026-02-25T23:34:37.145+0000 [DEBUG] [org.gradle.cache.internal.DefaultFileLockManager] Waiting to acquire shared lock on daemon addresses registry.
2026-02-25T23:34:37.146+0000 [DEBUG] [org.gradle.cache.internal.DefaultFileLockManager] Lock acquired on daemon addresses registry.
2026-02-25T23:34:37.148+0000 [DEBUG] [org.gradle.cache.internal.DefaultFileLockManager] Releasing lock on daemon addresses registry.
2026-02-25T23:34:37.149+0000 [DEBUG] [org.gradle.launcher.daemon.server.Daemon] Finished periodic daemon health check.
2026-02-25T23:34:47.137+0000 [DEBUG] [org.gradle.launcher.daemon.server.Daemon] Starting periodic daemon health check.
2026-02-25T23:34:47.140+0000 [DEBUG] [org.gradle.cache.internal.DefaultFileLockManager] Waiting to acquire shared lock on daemon addresses registry.
2026-02-25T23:34:47.141+0000 [DEBUG] [org.gradle.cache.internal.DefaultFileLockManager] Lock acquired on daemon addresses registry.
2026-02-25T23:34:47.143+0000 [DEBUG] [org.gradle.cache.internal.DefaultFileLockManager] Releasing lock on daemon addresses registry.
2026-02-25T23:34:47.145+0000 [DEBUG] [org.gradle.cache.internal.DefaultFileLockManager] Waiting to acquire shared lock on daemon addresses registry.
2026-02-25T23:34:47.147+0000 [DEBUG] [org.gradle.cache.internal.DefaultFileLockManager] Lock acquired on daemon addresses registry.
2026-02-25T23:34:47.149+0000 [DEBUG] [org.gradle.cache.internal.DefaultFileLockManager] Releasing lock on daemon addresses registry.
2026-02-25T23:34:47.151+0000 [DEBUG] [org.gradle.launcher.daemon.server.Daemon] Finished periodic daemon health check.
2026-02-25T23:34:57.137+0000 [DEBUG] [org.gradle.launcher.daemon.server.Daemon] Starting periodic daemon health check.
2026-02-25T23:34:57.140+0000 [DEBUG] [org.gradle.cache.internal.DefaultFileLockManager] Waiting to acquire shared lock on daemon addresses registry.
2026-02-25T23:34:57.142+0000 [DEBUG] [org.gradle.cache.internal.DefaultFileLockManager] Lock acquired on daemon addresses registry.
2026-02-25T23:34:57.144+0000 [DEBUG] [org.gradle.cache.internal.DefaultFileLockManager] Releasing lock on daemon addresses registry.
2026-02-25T23:34:57.146+0000 [DEBUG] [org.gradle.cache.internal.DefaultFileLockManager] Waiting to acquire shared lock on daemon addresses registry.
2026-02-25T23:34:57.147+0000 [DEBUG] [org.gradle.cache.internal.DefaultFileLockManager] Lock acquired on daemon addresses registry.
2026-02-25T23:34:57.149+0000 [DEBUG] [org.gradle.cache.internal.DefaultFileLockManager] Releasing lock on daemon addresses registry.
2026-02-25T23:34:57.150+0000 [DEBUG] [org.gradle.launcher.daemon.server.Daemon] Finished periodic daemon health check.
2026-02-25T23:35:01.233+0000 [DEBUG] [org.gradle.internal.remote.internal.inet.TcpIncomingConnector] Accepted connection from /127.0.0.1:46876 to /127.0.0.1:41378.
2026-02-25T23:35:01.272+0000 [DEBUG] [org.gradle.launcher.daemon.server.SynchronizedDispatchConnection] thread 44: received class org.gradle.launcher.daemon.protocol.Build
2026-02-25T23:35:01.274+0000 [DEBUG] [org.gradle.launcher.daemon.server.DefaultDaemonConnection] thread 44: Received non-IO message from client: Build{id=547fc0b5-fdc2-40ea-bf0f-ad91eeba6a04, currentDir=/data/data/com.termux/files/home}
2026-02-25T23:35:01.279+0000 [INFO] [org.gradle.launcher.daemon.server.DefaultIncomingConnectionHandler] Received command: Build{id=547fc0b5-fdc2-40ea-bf0f-ad91eeba6a04, currentDir=/data/data/com.termux/files/home}.
2026-02-25T23:35:01.280+0000 [DEBUG] [org.gradle.launcher.daemon.server.DefaultIncomingConnectionHandler] Starting executing command: Build{id=547fc0b5-fdc2-40ea-bf0f-ad91eeba6a04, currentDir=/data/data/com.termux/files/home} with connection: socket connection from /127.0.0.1:41378 to /127.0.0.1:46876.
2026-02-25T23:35:01.283+0000 [DEBUG] [org.gradle.launcher.daemon.server.DaemonStateCoordinator] Command execution: started DaemonCommandExecution[command = Build{id=547fc0b5-fdc2-40ea-bf0f-ad91eeba6a04, currentDir=/data/data/com.termux/files/home}, connection = DefaultDaemonConnection: socket connection from /127.0.0.1:41378 to /127.0.0.1:46876] after 2.0131 minutes of idle
2026-02-25T23:35:01.284+0000 [INFO] [org.gradle.launcher.daemon.server.DaemonRegistryUpdater] Marking the daemon as busy, address: [31f0b21e-a185-4e30-a045-a8ac5eb910e5 port:41378, addresses:[localhost/127.0.0.1]]
2026-02-25T23:35:01.286+0000 [DEBUG] [org.gradle.launcher.daemon.registry.PersistentDaemonRegistry] Marking busy by address: [31f0b21e-a185-4e30-a045-a8ac5eb910e5 port:41378, addresses:[localhost/127.0.0.1]]
2026-02-25T23:35:01.288+0000 [DEBUG] [org.gradle.cache.internal.DefaultFileLockManager] Waiting to acquire exclusive lock on daemon addresses registry.
2026-02-25T23:35:01.290+0000 [DEBUG] [org.gradle.cache.internal.DefaultFileLockManager] Lock acquired on daemon addresses registry.
2026-02-25T23:35:01.297+0000 [DEBUG] [org.gradle.cache.internal.DefaultFileLockManager] Releasing lock on daemon addresses registry.
2026-02-25T23:35:01.300+0000 [DEBUG] [org.gradle.launcher.daemon.server.DaemonStateCoordinator] resetting idle timer
2026-02-25T23:35:01.301+0000 [DEBUG] [org.gradle.launcher.daemon.server.DaemonStateCoordinator] daemon is running. Sleeping until state changes.
2026-02-25T23:35:01.304+0000 [INFO] [org.gradle.launcher.daemon.server.exec.StartBuildOrRespondWithBusy] Daemon is about to start building Build{id=547fc0b5-fdc2-40ea-bf0f-ad91eeba6a04, currentDir=/data/data/com.termux/files/home}. Dispatching build started information...
2026-02-25T23:35:01.305+0000 [DEBUG] [org.gradle.launcher.daemon.server.SynchronizedDispatchConnection] thread 46: dispatching org.gradle.launcher.daemon.protocol.BuildStarted@64418ba8
2026-02-25T23:35:01.309+0000 [DEBUG] [org.gradle.launcher.daemon.server.exec.EstablishBuildEnvironment] Configuring env variables: [PATH, HISTCONTROL, TERMUX_APP__SE_FILE_CONTEXT, TERMUX_VERSION, TERM, EXTERNAL_STORAGE, TERMUX_APP__DATA_DIR, LANG, TERMUX_APK_RELEASE, TERMUX_APP__LEGACY_DATA_DIR, ANDROID__BUILD_VERSION_SDK, COLORTERM, TERMUX__PREFIX, ANDROID_ROOT, TERMUX__SE_PROCESS_CONTEXT, PWD, BOOTCLASSPATH, TERMUX_APP__SE_INFO, _, TERMUX_MAIN_PACKAGE_FORMAT, SHELL, ANDROID_DATA, TERMUX__HOME, ANDROID_TZDATA_ROOT, OLDPWD, TMPDIR, TERMUX_APP_PID, ANDROID_RUNTIME_ROOT, TERMUX_IS_DEBUGGABLE_BUILD, PREFIX, DEX2OATBOOTCLASSPATH, LD_PRELOAD, TERMUX__ROOTFS_DIR, SHLVL, HOME]
2026-02-25T23:35:01.310+0000 [WARN] [org.gradle.launcher.daemon.server.exec.EstablishBuildEnvironment] Warning: Unable able to set daemon's environment variables to match the client because: 
  There is no native integration with this operating environment.
  If the daemon was started with a significantly different environment from the client, and your build 
  relies on environment variables, you may experience unexpected behavior.
2026-02-25T23:35:01.311+0000 [DEBUG] [org.gradle.launcher.daemon.server.exec.LogToClient] About to start relaying all logs to the client via the connection.
2026-02-25T23:35:01.312+0000 [INFO] [org.gradle.launcher.daemon.server.exec.LogToClient] The client will now receive all logging from the daemon (pid: 21579). The daemon log file: /data/data/com.termux/files/home/.gradle/daemon/9.3.1/daemon-21579.out.log
2026-02-25T23:35:01.326+0000 [INFO] [org.gradle.launcher.daemon.server.exec.LogAndCheckHealth] Starting 2nd build in daemon [uptime: 2 mins 5.081 secs, performance: 97%, GC rate: 0.00/s, heap usage: 0% of 512 MiB, non-heap usage: 7% of 384 MiB]
2026-02-25T23:35:01.329+0000 [DEBUG] [org.gradle.launcher.daemon.server.exec.ExecuteBuild] The daemon has started executing the build.
2026-02-25T23:35:01.330+0000 [DEBUG] [org.gradle.launcher.daemon.server.exec.ExecuteBuild] Executing build with daemon context: DefaultDaemonContext[uid=cd56001a-ec5e-4179-846c-6f06f536f677,javaHome=/data/data/com.termux/files/usr/lib/jvm/java-21-openjdk,javaVersion=21,javaVendor=Termux,daemonRegistryDir=/data/data/com.termux/files/home/.gradle/daemon,pid=21579,idleTimeout=10800000,priority=NORMAL,applyInstrumentationAgent=true,nativeServicesMode=ENABLED,daemonOpts=-XX:MaxMetaspaceSize=384m,-XX:+HeapDumpOnOutOfMemoryError,-Xms256m,-Xmx512m,-Dfile.encoding=UTF-8,-Duser.country,-Duser.language=en,-Duser.variant]

[Incubating] Problems report is available at: file:///data/data/com.termux/files/home/build/reports/problems/problems-report.html

FAILURE: Build failed with an exception.

* What went wrong:
Configuring project ':app' without an existing directory is not allowed. The configured projectDirectory '/data/data/com.termux/files/home/app' does not exist, can't be written to or is not a directory.

* Try:
> Make sure the project directory exists and is writable.
> For more information, see https://docs.gradle.org/9.3.1/userguide/multi_project_builds.html#include_existing_projects_only
> Run with --scan to get full insights from a Build Scan (powered by Develocity).

BUILD FAILED in 13s
2026-02-25T23:35:12.310+0000 [DEBUG] [org.gradle.launcher.daemon.server.exec.ExecuteBuild] The daemon has finished executing the build.
2026-02-25T23:35:12.321+0000 [DEBUG] [org.gradle.launcher.daemon.server.DaemonStateCoordinator] daemon is running. Sleeping until state changes.
2026-02-25T23:35:12.325+0000 [DEBUG] [org.gradle.launcher.daemon.server.DaemonStateCoordinator] Command execution: finished waiting for DaemonCommandExecution[command = Build{id=547fc0b5-fdc2-40ea-bf0f-ad91eeba6a04, currentDir=/data/data/com.termux/files/home}, connection = DefaultDaemonConnection: socket connection from /127.0.0.1:41378 to /127.0.0.1:46876]. Result org.gradle.launcher.daemon.server.DaemonStateCoordinator@6c04189a with state Busy
2026-02-25T23:35:12.325+0000 [DEBUG] [org.gradle.launcher.daemon.server.DaemonStateCoordinator] Command execution: completed DaemonCommandExecution[command = Build{id=547fc0b5-fdc2-40ea-bf0f-ad91eeba6a04, currentDir=/data/data/com.termux/files/home}, connection = DefaultDaemonConnection: socket connection from /127.0.0.1:41378 to /127.0.0.1:46876]
2026-02-25T23:35:12.326+0000 [DEBUG] [org.gradle.launcher.daemon.server.DaemonStateCoordinator] resetting idle timer
2026-02-25T23:35:12.327+0000 [INFO] [org.gradle.launcher.daemon.server.DaemonRegistryUpdater] Marking the daemon as idle, address: [31f0b21e-a185-4e30-a045-a8ac5eb910e5 port:41378, addresses:[localhost/127.0.0.1]]
2026-02-25T23:35:12.328+0000 [DEBUG] [org.gradle.launcher.daemon.registry.PersistentDaemonRegistry] Marking busy by address: [31f0b21e-a185-4e30-a045-a8ac5eb910e5 port:41378, addresses:[localhost/127.0.0.1]]
2026-02-25T23:35:12.329+0000 [DEBUG] [org.gradle.cache.internal.DefaultFileLockManager] Waiting to acquire exclusive lock on daemon addresses registry.
2026-02-25T23:35:12.330+0000 [DEBUG] [org.gradle.cache.internal.DefaultFileLockManager] Lock acquired on daemon addresses registry.
2026-02-25T23:35:12.333+0000 [DEBUG] [org.gradle.cache.internal.DefaultFileLockManager] Releasing lock on daemon addresses registry.
2026-02-25T23:35:12.335+0000 [DEBUG] [org.gradle.launcher.daemon.server.exec.ReturnResult] Daemon is dispatching the build result: Success[value=org.gradle.launcher.exec.BuildActionResult@5761545b]
2026-02-25T23:35:12.336+0000 [DEBUG] [org.gradle.launcher.daemon.server.DaemonStateCoordinator] daemon is running. Sleeping until state changes.
2026-02-25T23:35:12.336+0000 [DEBUG] [org.gradle.launcher.daemon.server.SynchronizedDispatchConnection] thread 43: dispatching Success[value=org.gradle.launcher.exec.BuildActionResult@5761545b]
2026-02-25T23:35:12.416+0000 [DEBUG] [org.gradle.launcher.daemon.server.exec.CleanUpVirtualFileSystemAfterBuild] Cleaning virtual file system after build finished
2026-02-25T23:35:12.416+0000 [DEBUG] [org.gradle.launcher.daemon.server.DefaultIncomingConnectionHandler] Finishing executing command: Build{id=547fc0b5-fdc2-40ea-bf0f-ad91eeba6a04, currentDir=/data/data/com.termux/files/home}
2026-02-25T23:35:12.540+0000 [DEBUG] [org.gradle.launcher.daemon.server.SynchronizedDispatchConnection] thread 44: received class org.gradle.launcher.daemon.protocol.CloseInput
2026-02-25T23:35:12.544+0000 [DEBUG] [org.gradle.launcher.daemon.server.DefaultDaemonConnection] thread 44: Received IO message from client: org.gradle.launcher.daemon.protocol.CloseInput@1dd220bf
2026-02-25T23:35:12.546+0000 [DEBUG] [org.gradle.launcher.daemon.server.SynchronizedDispatchConnection] thread 44: received class org.gradle.launcher.daemon.protocol.Finished
2026-02-25T23:35:12.547+0000 [DEBUG] [org.gradle.launcher.daemon.server.DefaultDaemonConnection] thread 44: Received non-IO message from client: org.gradle.launcher.daemon.protocol.Finished@1315dd75
2026-02-25T23:35:12.548+0000 [DEBUG] [org.gradle.launcher.daemon.server.DefaultIncomingConnectionHandler] Received finished message: org.gradle.launcher.daemon.protocol.Finished@1315dd75
2026-02-25T23:35:12.549+0000 [DEBUG] [org.gradle.launcher.daemon.server.SynchronizedDispatchConnection] thread 43: stopping connection
2026-02-25T23:35:12.548+0000 [DEBUG] [org.gradle.internal.remote.internal.inet.SocketConnection] Discarding EOFException: java.io.EOFException
2026-02-25T23:35:12.553+0000 [DEBUG] [org.gradle.launcher.daemon.server.SynchronizedDispatchConnection] thread 44: received null
2026-02-25T23:35:12.554+0000 [DEBUG] [org.gradle.launcher.daemon.server.DefaultDaemonConnection] thread 44: Received end-of-input from client.
2026-02-25T23:35:12.555+0000 [DEBUG] [org.gradle.launcher.daemon.server.SynchronizedDispatchConnection] thread 43: stopping connection
